// Vitest Snapshot v1, https://vitest.dev/guide/snapshot.html

exports[`yaml > basic load 1`] = `
{
  "flow": [
    {
      "action": "type 'hello' in search box, hit enter",
    },
  ],
  "target": {
    "url": "https://www.baidu.com",
    "waitForNetworkIdle": {
      "continueOnNetworkIdleError": true,
      "timeout": 1000,
    },
  },
}
`;
